   1               		.file	"main.cpp"
   2               	__SREG__ = 0x3f
   3               	__SP_H__ = 0x3e
   4               	__SP_L__ = 0x3d
   5               	__CCP__  = 0x34
   6               	__tmp_reg__ = 0
   7               	__zero_reg__ = 1
  15               	.Ltext0:
  16               	.global	main
  18               	main:
  19               	.LFB6:
  20               	.LM1:
  21 0000 0F93      		push r16
  22 0002 1F93      		push r17
  23               	/* prologue: function */
  24               	/* frame size = 0 */
  25               	.LBB2:
  26               	.LM2:
  27 0004 80E0      		ldi r24,lo8(ssserial)
  28 0006 90E0      		ldi r25,hi8(ssserial)
  29 0008 0E94 0000 		call _ZN6Serial5beginEv
  30               	.LM3:
  31 000c 00E0      		ldi r16,lo8(twi)
  32 000e 10E0      		ldi r17,hi8(twi)
  33 0010 C801      		movw r24,r16
  34 0012 0E94 0000 		call _ZN3TWI4initEv
  35               	.LM4:
  36 0016 C801      		movw r24,r16
  37 0018 0E94 0000 		call _ZN3TWI5startEv
  38               	.LM5:
  39 001c C801      		movw r24,r16
  40 001e 68E6      		ldi r22,lo8(104)
  41 0020 0E94 0000 		call _ZN3TWI5writeEh
  42               	.LM6:
  43 0024 C801      		movw r24,r16
  44 0026 60E0      		ldi r22,lo8(0)
  45 0028 0E94 0000 		call _ZN3TWI5writeEh
  46               	.LM7:
  47 002c C801      		movw r24,r16
  48 002e 0E94 0000 		call _ZN3TWI4stopEv
  49               	.LBE2:
  50               	.LM8:
  51 0032 80E0      		ldi r24,lo8(0)
  52 0034 90E0      		ldi r25,hi8(0)
  53               	/* epilogue start */
  54 0036 1F91      		pop r17
  55 0038 0F91      		pop r16
  56 003a 0895      		ret
  57               	.LFE6:
  59               	.global	array
  60               		.data
  63               	array:
  64 0000 3132 3334 		.string	"12345678912345"
  64      3536 3738 
  64      3931 3233 
  64      3435 00
  65               	.global	twi
  66               	.global	twi
  67               		.section .bss
  70               	twi:
  71 0000 00        		.skip 1,0
  72               	.global	ssserial
  73               	.global	ssserial
  76               	ssserial:
  77 0001 00        		.skip 1,0
  78               	.global	a
  79               	.global	a
  82               	a:
  83 0002 00        		.skip 1,0
 108               	.Letext0:
DEFINED SYMBOLS
                            *ABS*:00000000 main.cpp
C:\Users\airph\AppData\Local\Temp/ccU0bnt5.s:2      *ABS*:0000003f __SREG__
C:\Users\airph\AppData\Local\Temp/ccU0bnt5.s:3      *ABS*:0000003e __SP_H__
C:\Users\airph\AppData\Local\Temp/ccU0bnt5.s:4      *ABS*:0000003d __SP_L__
C:\Users\airph\AppData\Local\Temp/ccU0bnt5.s:5      *ABS*:00000034 __CCP__
C:\Users\airph\AppData\Local\Temp/ccU0bnt5.s:6      *ABS*:00000000 __tmp_reg__
C:\Users\airph\AppData\Local\Temp/ccU0bnt5.s:7      *ABS*:00000001 __zero_reg__
C:\Users\airph\AppData\Local\Temp/ccU0bnt5.s:18     .text:00000000 main
C:\Users\airph\AppData\Local\Temp/ccU0bnt5.s:76     .bss:00000001 ssserial
C:\Users\airph\AppData\Local\Temp/ccU0bnt5.s:70     .bss:00000000 twi
C:\Users\airph\AppData\Local\Temp/ccU0bnt5.s:63     .data:00000000 array
C:\Users\airph\AppData\Local\Temp/ccU0bnt5.s:82     .bss:00000002 a

UNDEFINED SYMBOLS
_ZN6Serial5beginEv
_ZN3TWI4initEv
_ZN3TWI5startEv
_ZN3TWI5writeEh
_ZN3TWI4stopEv
__do_copy_data
__do_clear_bss
